// Jest Snapshot v1, https://goo.gl/fbAQLP

exports[`accumulateNamedValues re-throws error with name-specific context if getValue does 1`] = `"--foo123 : thrown intentionally"`;
